Null
12345678
A string
A string but changed
Atom
7006652
