sin(1): 0.8414709848078965
cos(1): 0.5403023058681398
asin(1): 1.5707963267948966
acos(1): 0
tan(1): 1.5574077246549023
atan(1): 0.7853981633974483
ctg(1): 0.6420926159343306
sqrt(100): 10
cbrt(27): 3
root(16, 4): 2
log(16): 2.772589636559072
log10(100): 2.0000005294447964
pow(10, 3): 1000
exp(10): 10086.57319223986
round(3.5): 4
floor(3.6): 3
ceil(3.4)): 3
abs(-3): 3
mean(10,10,20): 13.333333333333334
hmean(10,10,20): 12
median: 15
median 2: 20
mode: 10
popularity: [(10,3)(20,1)(3,1)(5,3)(53,1)(7,1)]
