- forward
0
1
2
- backwards
3
2
1
- negative numbers forward
-3
-2
-1
- negative numbers backwards
0
-1
-2
